{
    "Undibacterium_unclassified genome [fasta] w/ index": {
        "content": [
            {
                "0": [
                    [
                        {
                            "id": "test"
                        },
                        "test.interval:md5,4643a7c3b07e980844758b750305d0d2"
                    ]
                ],
                "1": [
                    
                ],
                "_dummy": [
                    
                ],
                "repeat_intervals": [
                    [
                        {
                            "id": "test"
                        },
                        "test.interval:md5,4643a7c3b07e980844758b750305d0d2"
                    ]
                ]
            }
        ],
        "timestamp": "2026-05-20T14:37:38.668803016",
        "meta": {
            "nf-test": "0.9.5",
            "nextflow": "25.10.2"
        }
    },
    "Undibacterium_unclassified genome - stub": {
        "content": [
            {
                "0": [
                    [
                        {
                            "id": "test"
                        },
                        "test.interval:md5,d41d8cd98f00b204e9800998ecf8427e"
                    ]
                ],
                "1": [
                    
                ],
                "_dummy": [
                    
                ],
                "repeat_intervals": [
                    [
                        {
                            "id": "test"
                        },
                        "test.interval:md5,d41d8cd98f00b204e9800998ecf8427e"
                    ]
                ]
            }
        ],
        "timestamp": "2026-05-20T14:38:46.82128",
        "meta": {
            "nf-test": "0.9.5",
            "nextflow": "25.10.2"
        }
    }
}