{
    "idFanCani4 - telomere - stub": {
        "content": [
            {
                "0": [
                    [
                        {
                            "id": "idFanCani4"
                        },
                        "idFanCani4.windows:md5,d41d8cd98f00b204e9800998ecf8427e"
                    ]
                ],
                "1": [
                    [
                        "TELOMERE_WINDOWS",
                        "find_telomere_windows",
                        "1.0.0"
                    ]
                ],
                "versions_telomerewindows": [
                    [
                        "TELOMERE_WINDOWS",
                        "find_telomere_windows",
                        "1.0.0"
                    ]
                ],
                "windows": [
                    [
                        {
                            "id": "idFanCani4"
                        },
                        "idFanCani4.windows:md5,d41d8cd98f00b204e9800998ecf8427e"
                    ]
                ]
            }
        ],
        "meta": {
            "nf-test": "0.9.3",
            "nextflow": "25.10.2"
        },
        "timestamp": "2026-02-25T11:29:18.234895641"
    },
    "idFanCani4 - telomere": {
        "content": [
            {
                "0": [
                    [
                        {
                            "id": "idFanCani4"
                        },
                        "idFanCani4.windows:md5,3b9105c87ad2c332dd28a868dff9c89e"
                    ]
                ],
                "1": [
                    [
                        "TELOMERE_WINDOWS",
                        "find_telomere_windows",
                        "1.0.0"
                    ]
                ],
                "versions_telomerewindows": [
                    [
                        "TELOMERE_WINDOWS",
                        "find_telomere_windows",
                        "1.0.0"
                    ]
                ],
                "windows": [
                    [
                        {
                            "id": "idFanCani4"
                        },
                        "idFanCani4.windows:md5,3b9105c87ad2c332dd28a868dff9c89e"
                    ]
                ]
            }
        ],
        "meta": {
            "nf-test": "0.9.3",
            "nextflow": "25.10.2"
        },
        "timestamp": "2026-02-25T11:29:10.038291724"
    }
}