{
    "idFanCani4 - no split - fasta - stub": {
        "content": [
            {
                "0": [
                    [
                        {
                            "id": "idFanCani4"
                        },
                        "idFanCani4_0P_telomere.bed:md5,3ccb4acb3f33c8ff3ca3201245a42ce3"
                    ]
                ],
                "1": [
                    [
                        {
                            "id": "idFanCani4"
                        },
                        [
                            "idFanCani4_0P_telomere.bedgraph:md5,f8df4805d7f8948a5bc74c674965d064"
                        ]
                    ]
                ],
                "bed_file": [
                    [
                        {
                            "id": "idFanCani4"
                        },
                        "idFanCani4_0P_telomere.bed:md5,3ccb4acb3f33c8ff3ca3201245a42ce3"
                    ]
                ],
                "bedgraph_file": [
                    [
                        {
                            "id": "idFanCani4"
                        },
                        [
                            "idFanCani4_0P_telomere.bedgraph:md5,f8df4805d7f8948a5bc74c674965d064"
                        ]
                    ]
                ]
            }
        ],
        "meta": {
            "nf-test": "0.9.3",
            "nextflow": "25.10.2"
        },
        "timestamp": "2026-02-25T12:29:58.506772475"
    },
    "idFanCani4 - no split - fasta": {
        "content": [
            {
                "0": [
                    [
                        {
                            "id": "idFanCani4"
                        },
                        "idFanCani4_0P_telomere.bed:md5,3ccb4acb3f33c8ff3ca3201245a42ce3"
                    ]
                ],
                "1": [
                    [
                        {
                            "id": "idFanCani4"
                        },
                        [
                            "idFanCani4_0P_telomere.bedgraph:md5,f8df4805d7f8948a5bc74c674965d064"
                        ]
                    ]
                ],
                "bed_file": [
                    [
                        {
                            "id": "idFanCani4"
                        },
                        "idFanCani4_0P_telomere.bed:md5,3ccb4acb3f33c8ff3ca3201245a42ce3"
                    ]
                ],
                "bedgraph_file": [
                    [
                        {
                            "id": "idFanCani4"
                        },
                        [
                            "idFanCani4_0P_telomere.bedgraph:md5,f8df4805d7f8948a5bc74c674965d064"
                        ]
                    ]
                ]
            }
        ],
        "meta": {
            "nf-test": "0.9.3",
            "nextflow": "25.10.2"
        },
        "timestamp": "2026-02-25T12:26:58.202754387"
    },
    "idFanCani4 - split - fasta": {
        "content": [
            {
                "0": [
                    [
                        {
                            "id": "idFanCani4"
                        },
                        "idFanCani4_0P_telomere.bed:md5,3ccb4acb3f33c8ff3ca3201245a42ce3"
                    ],
                    [
                        {
                            "id": "idFanCani4"
                        },
                        "idFanCani4_3P_telomere.bed:md5,3bb5481efc9a9c7192c54413697de8dc"
                    ],
                    [
                        {
                            "id": "idFanCani4"
                        },
                        "idFanCani4_5P_telomere.bed:md5,65a96f58d21ee87ce8932b5e3e2da63b"
                    ]
                ],
                "1": [
                    [
                        {
                            "id": "idFanCani4"
                        },
                        [
                            "idFanCani4_0P_telomere.bedgraph:md5,f8df4805d7f8948a5bc74c674965d064",
                            "idFanCani4_3P_telomere.bedgraph:md5,ae30aa41f6e9c53df160ddb17ecccd09",
                            "idFanCani4_5P_telomere.bedgraph:md5,ac00ddc89af099cfdd820495cd8c8c76"
                        ]
                    ]
                ],
                "bed_file": [
                    [
                        {
                            "id": "idFanCani4"
                        },
                        "idFanCani4_0P_telomere.bed:md5,3ccb4acb3f33c8ff3ca3201245a42ce3"
                    ],
                    [
                        {
                            "id": "idFanCani4"
                        },
                        "idFanCani4_3P_telomere.bed:md5,3bb5481efc9a9c7192c54413697de8dc"
                    ],
                    [
                        {
                            "id": "idFanCani4"
                        },
                        "idFanCani4_5P_telomere.bed:md5,65a96f58d21ee87ce8932b5e3e2da63b"
                    ]
                ],
                "bedgraph_file": [
                    [
                        {
                            "id": "idFanCani4"
                        },
                        [
                            "idFanCani4_0P_telomere.bedgraph:md5,f8df4805d7f8948a5bc74c674965d064",
                            "idFanCani4_3P_telomere.bedgraph:md5,ae30aa41f6e9c53df160ddb17ecccd09",
                            "idFanCani4_5P_telomere.bedgraph:md5,ac00ddc89af099cfdd820495cd8c8c76"
                        ]
                    ]
                ]
            }
        ],
        "meta": {
            "nf-test": "0.9.3",
            "nextflow": "25.10.2"
        },
        "timestamp": "2026-02-25T12:28:31.338260327"
    }
}