{
    "Full run": {
        "content": [
            40,
            {
                "BEDTOOLS_GENOMECOV": {
                    "bedtools": "2.31.1"
                },
                "BEDTOOLS_INTERSECT": {
                    "bedtools": "2.31.1"
                },
                "BEDTOOLS_MAKEWINDOWS": {
                    "bedtools": "2.31.1"
                },
                "BEDTOOLS_MAP": {
                    "bedtools": "2.31.1"
                },
                "BWAMEM2_INDEX": {
                    "bwamem2": "2.2.1"
                },
                "CRAMALIGN_BWAMEM2ALIGNHIC": {
                    "bwamem2": "2.2.1",
                    "samtools": "1.22.1"
                },
                "CRAMALIGN_GENCRAMCHUNKS": {
                    "cramchunks": "1.1.0"
                },
                "FIND_CONCATENATE": {
                    "coreutils": 9.4,
                    "find": "4.6.0",
                    "pigz": 2.8
                },
                "GAWK_EXTRACT_REPEATS": {
                    "gawk": "5.3.1"
                },
                "GAWK_GAP_LENGTH": {
                    "gawk": "5.3.1"
                },
                "GAWK_REFORMAT_INTERSECT": {
                    "gawk": "5.3.1"
                },
                "GAWK_RENAME_IDS": {
                    "gawk": "5.3.1"
                },
                "GAWK_REPLACE_DOTS": {
                    "gawk": "5.3.1"
                },
                "GAWK_TELO_FIX": {
                    "gawk": "5.3.1"
                },
                "GNU_SORT_A": {
                    "coreutils": 9.5
                },
                "GNU_SORT_B": {
                    "coreutils": 9.5
                },
                "GNU_SORT_C": {
                    "coreutils": 9.5
                },
                "HTSLIB_BGZIPTABIX": {
                    "htslib": 1.24,
                    "xz": "5.8.3"
                },
                "MINIMAP2_ALIGN": {
                    "minimap2": "2.30-r1287"
                },
                "PRETEXTANNOTATE": {
                    "pretextannotate": "1.1.2"
                },
                "PRETEXTMAP": {
                    "PretextMap": "0.2.4",
                    "samtools": 1.23
                },
                "PRETEXTSNAPSHOT": {
                    "PretextSnapshot": "0.0.7"
                },
                "PRETEXT_INGEST_SNDRD": {
                    "PretextGraph": "0.0.9",
                    "ucsc": 447
                },
                "SAMTOOLS_FAIDX": {
                    "samtools": "1.22.1"
                },
                "SAMTOOLS_FLAGSTAT": {
                    "samtools": 1.24
                },
                "SAMTOOLS_MERGEDUP": {
                    "samtools": 1.23
                },
                "SAMTOOLS_SPLITHEADER": {
                    "samtools": "1.22.1"
                },
                "SEQKIT_SEQ": {
                    "seqkit": "2.13.0"
                },
                "SEQTK_CUTN": {
                    "seqtk": "1.4-r122"
                },
                "TELOMERE_FINDTELOMERE": {
                    "find_telomere": "0.0.2",
                    "java": "17.0.18"
                },
                "UCSC_BEDGRAPHTOBIGWIG": {
                    "ucsc": 482
                },
                "WINDOWMASKER_MKCOUNTS": {
                    "windowmasker": "1.0.0"
                },
                "WINDOWMASKER_USTAT": {
                    "windowmasker": "1.0.0"
                },
                "Workflow": {
                    "sanger-tol/curationpretext": "v2.0.0dev"
                }
            },
            [
                "accessory_files",
                "accessory_files/CurationPretextTest_MIN.bigWig",
                "accessory_files/CurationPretextTest_MIN.fwd.fixed.bed",
                "accessory_files/CurationPretextTest_MIN.gap.bedgraph",
                "accessory_files/CurationPretextTest_MIN.rev.fixed.bed",
                "pipeline_info",
                "pipeline_info/curationpretext_software_versions.yml",
                "pretext_maps_processed",
                "pretext_maps_processed/CurationPretextTest_MIN_normal.pretext",
                "pretext_maps_raw",
                "pretext_maps_raw/CurationPretextTest_MIN_normal_pi.pretext",
                "pretext_snapshot",
                "pretext_snapshot/CurationPretextTest_MIN_FullMap.png",
                "pretext_snapshot/CurationPretextTest_MIN_annotated_pretext.gif",
                "pretext_snapshot/CurationPretextTest_MIN_annotated_pretext.png",
                "pretext_snapshot/CurationPretextTest_MIN_annotated_pretext.tif"
            ],
            16,
            [
                "CurationPretextTest_MIN.bigWig:md5,3f66a9152d793a62f877b733c2336dfd",
                "CurationPretextTest_MIN.fwd.fixed.bed:md5,705f6da7438dba0eab4e457ea1c9cbd9",
                "CurationPretextTest_MIN.gap.bedgraph:md5,d41d8cd98f00b204e9800998ecf8427e",
                "CurationPretextTest_MIN.rev.fixed.bed:md5,ef145c8184cb299f16a392502a38a4ef"
            ],
            4,
            1,
            false,
            true,
            1,
            false,
            true,
            2,
            true
        ],
        "timestamp": "2026-09-15T19:48:20.82182797",
        "meta": {
            "nf-test": "0.9.5",
            "nextflow": "26.04.0"
        }
    }
}