{
    "Full run": {
        "content": [
            43,
            null,
            [
                "pipeline_info",
                "pipeline_info/sanger-tol_curationpretext_software_versions.yml",
                "pretext_maps_processed",
                "pretext_maps_processed/CurationPretextTest_hr.pretext",
                "pretext_maps_processed/CurationPretextTest_normal.pretext"
            ],
            [
                
            ],
            2,
            true,
            true,
            false
        ],
        "meta": {
            "nf-test": "0.9.2",
            "nextflow": "24.04.4"
        },
        "timestamp": "2025-03-25T14:14:48.204717"
    }
}