{
    "Undibacterium_unclassified genome [fasta] w/ index": {
        "content": [
            {
                "0": [
                    [
                        {
                            "id": "test"
                        },
                        "test_repeat_density.bigWig:md5,fe21775b423447331bbd41ca7fafd0bf"
                    ]
                ],
                "1": [
                    [
                        {
                            "id": "test"
                        },
                        "repden_test.bed.gz:md5,f51267c295ab15061fd918300d4c5093",
                        "repden_test.bed.gz.csi:md5,9f096f14fd3a8f38880df0246e589124"
                    ]
                ],
                "density_file": [
                    [
                        {
                            "id": "test"
                        },
                        "test_repeat_density.bigWig:md5,fe21775b423447331bbd41ca7fafd0bf"
                    ]
                ],
                "density_tabix": [
                    [
                        {
                            "id": "test"
                        },
                        "repden_test.bed.gz:md5,f51267c295ab15061fd918300d4c5093",
                        "repden_test.bed.gz.csi:md5,9f096f14fd3a8f38880df0246e589124"
                    ]
                ]
            }
        ],
        "meta": {
            "nf-test": "0.9.3",
            "nextflow": "25.10.2"
        },
        "timestamp": "2026-03-11T17:51:16.665854511"
    },
    "Undibacterium_unclassified genome - stub": {
        "content": [
            {
                "0": [
                    [
                        {
                            "id": "test"
                        },
                        "test_repeat_density.bigWig:md5,d41d8cd98f00b204e9800998ecf8427e"
                    ]
                ],
                "1": [
                    [
                        {
                            "id": "test"
                        },
                        "repden_test.bed.gz:md5,68b329da9893e34099c7d8ad5cb9c940",
                        "repden_test.bed.gz.csi:md5,d41d8cd98f00b204e9800998ecf8427e"
                    ]
                ],
                "density_file": [
                    [
                        {
                            "id": "test"
                        },
                        "test_repeat_density.bigWig:md5,d41d8cd98f00b204e9800998ecf8427e"
                    ]
                ],
                "density_tabix": [
                    [
                        {
                            "id": "test"
                        },
                        "repden_test.bed.gz:md5,68b329da9893e34099c7d8ad5cb9c940",
                        "repden_test.bed.gz.csi:md5,d41d8cd98f00b204e9800998ecf8427e"
                    ]
                ]
            }
        ],
        "meta": {
            "nf-test": "0.9.3",
            "nextflow": "25.10.2"
        },
        "timestamp": "2026-03-11T17:52:33.243170453"
    }
}